Microsoft (R) Macro Assembler Version 6.11		    05/15/23 22:09:59
tempfile.asm						     Page 1 - 1


 0000				DATAS SEGMENT
 0000 23			    VAR1 DB 35
 0001 00			    RES1 DB ?
 0002 00			    RES2 DB ?
 0003 E2597455			    VAR2 DD 0E2597455H
 0007				DATAS ENDS

 0000				STACKS SEGMENT
 0000  0100 [			    DW 100H DUP(0)
        0000
       ]
 0200				STACKS ENDS

 0000				CODES SEGMENT
				    ASSUME CS:CODES,DS:DATAS,SS:STACKS
 0000				START:
 0000  B8 ---- R			MOV AX,DATAS;
 0003  8E D8				MOV DS,AX;
					
 0005  8A 26 0000 R		    MOV AH,VAR1;
 0009  88 26 0001 R		    MOV RES1,AH;
 000D  88 26 0002 R		    MOV RES2,AH;
 0011  B1 04			    MOV CL,04H;
 0013  80 26 0001 R F0		    AND RES1,0F0H;
 0018  D2 2E 0001 R		    SHR RES1,CL;
 001C  80 26 0002 R 0F		    AND RES2,0FH;
				    
 0021  D1 26 0003 R		    SHL WORD PTR VAR2,1;
 0025  D1 16 0005 R		    RCL WORD PTR VAR2+2,1;
				    
 0029  D1 26 0003 R		    SHL WORD PTR VAR2,1;
 002D  D1 16 0005 R		    RCL WORD PTR VAR2+2,1;
				    
				    
 0031  B4 4C			    MOV AH,4CH
 0033  CD 21			    INT 21H
 0035				CODES ENDS
				    END START

Microsoft (R) Macro Assembler Version 6.11		    05/15/23 22:09:59
tempfile.asm						     Symbols 2 - 1




Segments and Groups:

                N a m e                 Size     Length   Align   Combine Class

CODES  . . . . . . . . . . . . .	16 Bit	 0035	  Para	  Private 
DATAS  . . . . . . . . . . . . .	16 Bit	 0007	  Para	  Private 
STACKS . . . . . . . . . . . . .	16 Bit	 0200	  Para	  Private 


Symbols:

                N a m e                 Type     Value    Attr

RES1 . . . . . . . . . . . . . .	Byte	 0001	  DATAS	
RES2 . . . . . . . . . . . . . .	Byte	 0002	  DATAS	
START  . . . . . . . . . . . . .	L Near	 0000	  CODES	
VAR1 . . . . . . . . . . . . . .	Byte	 0000	  DATAS	
VAR2 . . . . . . . . . . . . . .	DWord	 0003	  DATAS	

	   0 Warnings
	   0 Errors
